                     
    Explain table    
┌──────────────────┬──────────────────┬────────────────────┬──────────────────┬────────────────────┬─────────────────┬─────────────────────────┬─────────────────┬─────────────────┐
│      Table       │   Access type    │  Possible indexes  │      Index       │  Index key length  │       Ref       │ Rows examined per scan  │    Filtered     │   Scalability   │
├──────────────────┼──────────────────┼────────────────────┼──────────────────┼────────────────────┼─────────────────┼─────────────────────────┼─────────────────┼─────────────────┤
│ test             │ ALL              │                    │                  │                    │                 │ 2                       │ 100.00          │ O(N)            │
└──────────────────┴──────────────────┴────────────────────┴──────────────────┴────────────────────┴─────────────────┴─────────────────────────┴─────────────────┴─────────────────┘
                                       
    Are there any full table scans?    
Yes
───
以下のテーブルに対して全テーブルスキャンが行われています。MySQLはこれらのテーブルの全ての行を読み込んでいます。
- Table `test` with 2 rows examined per scan.
                                       
    Are there any full index scans?    
No
──
                                           
    Is there anything else interesting?    
No
──
